
> prasama(pvt)ltd-erp-&-pos@0.0.0 build
> vite build --clearScreen false --logLevel info --debug --verbose

node.exe : 
file:///C:/Users/prasa/Desktop/Prasama-Communication-1/node_modules/vite/dist/node/cli.js:448
At line:1 char:1
+ & "C:\Program Files\nodejs/node.exe" "C:\Program Files\nodejs/node_mo ...
+ ~~~~~~~~~~~~~~~~~~~~~~~~~~~~~~~~~~~~~~~~~~~~~~~~~~~~~~~~~~~~~~~~~~~~~
    + CategoryInfo          : NotSpecified: (file:///C:/User...node/cli.js:448:String) [], RemoteEx 
   ception
    + FullyQualifiedErrorId : NativeCommandError
 
          throw new CACError(`Unknown option \`${name.length > 1 ? `--${name}` : `-${name}`}\``);
                ^

CACError: Unknown option `--verbose`
    at Command.checkUnknownOptions 
(file:///C:/Users/prasa/Desktop/Prasama-Communication-1/node_modules/vite/dist/node/cli.js:448:17)
    at CAC.runMatchedCommand 
(file:///C:/Users/prasa/Desktop/Prasama-Communication-1/node_modules/vite/dist/node/cli.js:646:13)
    at CAC.parse 
(file:///C:/Users/prasa/Desktop/Prasama-Communication-1/node_modules/vite/dist/node/cli.js:585:12)
    at 
file:///C:/Users/prasa/Desktop/Prasama-Communication-1/node_modules/vite/dist/node/cli.js:947:5
    at ModuleJob.run (node:internal/modules/esm/module_job:413:25)
    at async onImport.tracePromise.__proto__ (node:internal/modules/esm/loader:660:26)

Node.js v24.12.0
